// Jest Snapshot v1, https://goo.gl/fbAQLP

exports[`Pruebas en <GifGrid/> deberia cargar correctamente 1`] = `
<Fragment>
  <h3>
     
    One punch
     
  </h3>
  <div
    className="card-grid"
  >
    <p
      className="animate__animated animate__flash"
    >
      Loading
    </p>
  </div>
</Fragment>
`;
